[okrepisa.org/Pres-LRK10000-Cash-Gifts.html]
[okrepisa.org/alladz.js]
[backblue.gif]
[fade.gif]
[index.html]
[maxcdn.bootstrapcdn.com/font-awesome/4.7.0/css/font-awesome.min.css]
[cdnjs.cloudflare.com/ajax/libs/limonte-sweetalert2/8.11.8/sweetalert2.all.min.js]
[olului.pages.dev/css/app2042.css]
[blogger.googleusercontent.com/img/b/R29vZ2xl/AVvXsEhJx9ckO1zZPwnm1dsTiJmlfD434R7gOQJBZckBPB1/w640-h98/IMG_3817.jpeg]
[media.istockphoto.com/id/508040080/photo/istockphoto-508040080-612x6120ba6.jpg]
[blogger.googleusercontent.com/img/b/R29vZ2xl/AVvXsEiWI3bZiWtj2CvSn-JwQAqx6ikO0KoxyP-dkAktGPW/w558-h640/IMG_5291.jpeg]
[olului.pages.dev/img/landers/survey-pick-a-box/checked.png]
[blogger.googleusercontent.com/img/b/R29vZ2xl/AVvXsEgcgZeFCyjWi_Ck95_UgdT5cDTdpWKwjwwCHxvqf29/w418-h640/IMG_5964.jpeg]
[widget.supercounters.com/ssl/online_t.js]
[okrepisa.org/js/app801b.js]
[pamdas.pages.dev/wow18df.js]
[img1.wsimg.com/signals/js/clients/scc-c2/scc-c2.min.js]
[s10.histats.com/js15_as.js]
[sstatic1.histats.com/0d0f6.gif]
[okrepisa.org/Pres-LRK10000-Cash-Gifts.html]
[okrepisa.org/alladz.html]
[maxcdn.bootstrapcdn.com/font-awesome/4.7.0/css/font-awesome.min.css]
[olului.pages.dev/css/app2042.css]
[okrepisa.org/js/app801b.html]
[code.jquery.com/jquery-latest.min.js]
[okrepisa.org/index.html]
[okrepisa.org/index.html]
